CommitRevealGas:testCommitGas() (gas: 30880)
CommitRevealGas:testRevealGas() (gas: 83207)
